05-22 13:11:33.200  2694  3388 D AbsSensorFunction: cannot notify value, because 0x300500is notavailable or not change
05-22 13:11:33.200  2694  3388 D AbsSensorFunction: value.getPropertyId()31084
05-22 13:11:33.200  2548  4764 D debug_M1_dock20251121DockController: postWindowChangeMessage onWindowChange():isActivity=true
05-22 13:11:33.200   704  1051 E libipcp : socket_says_data_received: ipcp 45 29 304 756876647 3 5 1 0
05-22 13:11:33.200  1533  2439 D OneOSPermissionManager: checkPermission() permissionResult = [2], calling pid = 1303
05-22 13:11:33.200  2548  4764 I debug_M1_dock20251121DockController: false，isNoControlDockAppList() called with: pkgName = [com.yunpan.appmanage]
05-22 13:11:33.201  2548  4764 D debug_M1_dock20251121DockController: postWindowChangeMessage same App, return
05-22 13:11:33.201  1533  2439 D OneOSPermissionManager: checkPermission() permissionResult = [2], calling pid = 1303
05-22 13:11:33.201  1533  2439 D OneOSPermissionManager: checkPermission() permissionResult = [2], calling pid = 1303
05-22 13:11:33.202  1758  1758 I StatusBarView: onWindowChange--bundle:Bundle[mParcelledData.dataSize=336]
05-22 13:11:33.202  1533  2439 D OneOSPermissionManager: checkPermission() permissionResult = [2], calling pid = 1303
05-22 13:11:33.202  1758  1758 I StatusBarView: displayId:0
05-22 13:11:33.202  1758  1758 I StatusBarView: systemUiVisibility:110100000110
05-22 13:11:33.202  1758  1758 I StatusBarView: packageName:com.yunpan.appmanage
05-22 13:11:33.202  1758  1758 I StatusBarView: title:com.yunpan.appmanage/com.yunpan.appmanage.ui.ActivityShell
05-22 13:11:33.202  1758  1758 I StatusBarView: type:1
05-22 13:11:33.202  1758  1758 I StatusBarView: ttt=isLight:false--isDark:false
05-22 13:11:33.202  1758  1758 E SystemUILog: ttt==setIconMode==0
05-22 13:11:33.202  1758  1758 I StatusBarView: closeAllWindow
05-22 13:11:33.202  1758  1758 D UserPopupWindowHelper: closeUserPopupWindow null
05-22 13:11:33.202  1758  1758 D UserPopupWindowHelper: closeUserModePopupWindow null
05-22 13:11:33.202  1758  1758 D WifiPopupWindowHelper: closeWifiPopupWindow null
05-22 13:11:33.202  1758  1758 D BtPopupWindowHelper: closeBtPopupWindow null
05-22 13:11:33.202  1758  1758 D ApPopupWindowHelper: closeApPopupWindow null
05-22 13:11:33.202  1758  1758 D CloseWpcWindowHelper: closePopupWindow null
05-22 13:11:33.202  1758  1758 D VolumeSettingPopupWindowHelper: closeVolumePopupWindow null
05-22 13:11:33.202  1758  1758 D MemoryCleanPopupWindowHelper: closeVolumePopupWindow null
05-22 13:11:33.202  1758  1758 I StatusBarView: ttt=setIconMode--mode:0
05-22 13:11:33.202  1533  2439 D OneOSPermissionManager: checkPermission() permissionResult = [2], calling pid = 1303
05-22 13:11:33.202  1758  1758 I WifiImageView: mode:0
05-22 13:11:33.202  1758  1758 I WifiImageView: setImageView.wifiModel:WifiModel{wifiEnabled=false, wifiConnected=false, wifiLevel=0}WIFI_SIGNAL_STRENGTH:3 iconMode : 0
05-22 13:11:33.202  1758  1758 I BluetoothImageView: iconMode:0
05-22 13:11:33.202  1758  1758 I BluetoothImageView: setImageView--bluetoothModel : BluetoothModel{isOpen=10, isConnected=false} iconMode : 0
05-22 13:11:33.202  1758  1758 I MobileNetworkImageView: iconMode:0
05-22 13:11:33.202  1758  1758 D MobileNetworkImageView: setImageView apMobileModel: ApMobileModel{apEnabled=false, apConnectedNum=0, networkType=13, signalLevel=4}  iconMode : 0
05-22 13:11:33.202  1758  1758 D TelephonyIcons: getMobileIcon mNetworkType: 13, level: 4
05-22 13:11:33.202  1758  1758 I AccessPointImageView: iconMode:0
05-22 13:11:33.202  1758  1758 I AccessPointImageView:  setImageView apMobileModel : ApMobileModel{apEnabled=false, apConnectedNum=0, networkType=13, signalLevel=4}  iconMode : 0
05-22 13:11:33.202  1758  1758 I DvrImageView: iconMode:0
05-22 13:11:33.202  1758  1758 D DVRViewModel: getDvrCurrentModel, DvrMode=3
05-22 13:11:33.202  1758  1758 I DvrImageView: dvr is not supported
05-22 13:11:33.202  1758  1758 I LocationImageView: setIconMode Location iconMode:0
05-22 13:11:33.202  1758  1758 I LocationImageView: setImageView Location iconMode:0
05-22 13:11:33.202  1758  1758 I LocationImageView: setImageView isLocationEnabled:true
05-22 13:11:33.202  1758  1758 I LocationImageView: setLocationState iconMode:0
05-22 13:11:33.202  1758  1758 I MacImageView: iconMode:0 viewModel com.geely.systemui.plugin.viewmodel.statusbar.MacViewModel@e903786
05-22 13:11:33.202  1758  1758 I MacImageView: setImageView isMacEnabled:true
05-22 13:11:33.202  1758  1758 I MacImageView: setComplianceMacState iconMode:0
05-22 13:11:33.202  1758  1758 I CameraImageView: setIconMode iconMode:0 viewModel com.geely.systemui.plugin.viewmodel.statusbar.CameraViewModel@bf6a847 topPkg com.yunpan.appmanage/com.yunpan.appmanage.ui.ActivityShell
05-22 13:11:33.202  1758  1758 I CameraImageView: setImageView iconMode:0
05-22 13:11:33.202  1758  1758 I CameraImageView: setImageView isCameraEnabled:false
05-22 13:11:33.202  1758  1758 I Clock   : iconMode:0
05-22 13:11:33.202  1758  1758 E SystemUILog: ttt==mMemoryCleanImageView设置mode ==com.geely.systemui.plugin.statusbar.memory.MemoryCleanImageView{d357874 G.E...... ......I. 0,0-0,0 #7f0900fd app:id/iv_clean}
05-22 13:11:33.202  1758  1758 D MemoryCleanImageView: ttt==setIconMode=====0
05-22 13:11:33.202  1758  1758 I WpcImageView: isLight:0
05-22 13:11:33.202  1533  2439 D OneOSPermissionManager: checkPermission() permissionResult = [2], calling pid = 1303
05-22 13:11:33.203  1533  2439 D OneOSPermissionManager: checkPermission() permissionResult = [2], calling pid = 1303
05-22 13:11:33.203  1758  1758 D AbsCarFunction::Wpc: isFunctionSupported function IWpc.WPC_FUNC_WORK_MODE [0x26010100] zone VehicleZone.ZONE_ALL [0x80000000] status active
05-22 13:11:33.203  1758  1758 D VehicleHelper:Wpc: isFunctionSupported function:IWpc.WPC_FUNC_WORK_MODE [0x26010100] status:active
05-22 13:11:33.203  1758  1758 I CarFunctionUtils: isActive--function:637600000--status: active
05-22 13:11:33.203  1758  1758 I WpcImageView: setImageView--wpcModel:com.geely.systemui.plugin.model.statusbar.WpcModel@949a7c8
05-22 13:11:33.203  1758  1758 I WpcImageView: wpcMode:0--wpcState:0
05-22 13:11:33.203  1533  2439 D OneOSPermissionManager: checkPermission() permissionResult = [2], calling pid = 1303
05-22 13:11:33.203  1758  1758 D AbsCarFunction::Wpc: isFunctionSupported function IWpc.WPC_FUNC_WORK_MODE [0x26010100] zone VehicleZone.ZONE_ALL [0x80000000] status active
05-22 13:11:33.203  1758  1758 D VehicleHelper:Wpc: isFunctionSupported function:IWpc.WPC_FUNC_WORK_MODE [0x26010100] status:active
05-22 13:11:33.203  1758  1758 I CarFunctionUtils: isActive--function:637600000--status: active
05-22 13:11:33.203  1758  1758 D AbsCarFunction::Wpc: isFunctionSupported function IWpc.WPC_FUNC_WORK_MODE [0x26010100] zone VehicleZone.ZONE_ALL [0x80000000] status active
05-22 13:11:33.203  1533  2439 D OneOSPermissionManager: checkPermission() permissionResult = [2], calling pid = 1303
05-22 13:11:33.203  1758  1758 D AbsCarFunction::Wpc: getFunctionValue function IWpc.WPC_FUNC_WORK_MODE [0x26010100] zone VehicleZone.ZONE_ALL [0x80000000] value 0
05-22 13:11:33.203  1758  1758 D VehicleHelper:Wpc: getFunctionValue: function:IWpc.WPC_FUNC_WORK_MODE [0x26010100] result:IAudio.SOFT_BUTTON_SOUND_TYPE_OFF [0x0] 0
05-22 13:11:33.203  1758  1758 I WpcViewModel: getWpcState state = 0
05-22 13:11:33.203  1758  1758 I UsbImageView: iconMode:0
05-22 13:11:33.203  1758  1758 I UsbImageView: initObserver--onChanged：UsbModel{usbVisible=false}
05-22 13:11:33.203  1758  1758 I ShowModeImageView: mode:0
05-22 13:11:33.203  1758  1758 I ShowModeImageView: setImageView : 0 false
05-22 13:11:33.203  1758  1758 I AqsImageView: iconMode:0
05-22 13:11:33.203  1758  1758 I AqsImageView: onChanged--aqsState:false
05-22 13:11:33.204  1758  1758 I AqsImageView: setAqsState stateOff: false iconMode : 0
05-22 13:11:33.204  1758  1758 D AbsSensorFunction: isSensorSupported: sensor: 0x202300 , Status: notactive
05-22 13:11:33.204  1758  1758 I CarUtils: isSupportAQS status ==1
05-22 13:11:33.204  1758  1758 I PM25ImageView: iconMode:0
05-22 13:11:33.204  1758  1758 D VoiceImageView: setIconMode==0
05-22 13:11:33.204  1758  1758 I StatusBarView: setLeftTempStateMediaVisibility  packageName :com.yunpan.appmanage
05-22 13:11:33.204  1758  1758 I LeftTempStateViewModel: setMediaVisibility : appSourcePackagecom.flyme.auto.musicpackageNamecom.yunpan.appmanage
05-22 13:11:33.204  1758  1758 D CommandQueue: handleMessage() called with: msg = [{ when=-11ms what=458752 target=com.android.systemui.statusbar.CommandQueue$H }]
05-22 13:11:33.204  1517  1658 D VehicleHal: tltest callback  0x21407b7f EngNSafeEngNGrdt {.timestamp = 0, .areaId = 536870912, .prop = 557874047, .status = AVAILABLE, .value = {.int32Values = [24], .floatValues = [], .int64Values = [], .bytes = [], .stringValue = }}
05-22 13:11:33.204  1517  1658 D VehicleHal: tltest callback  0x21407baf RoadInclnRoadIncln {.timestamp = 0, .areaId = 536870912, .prop = 557874095, .status = AVAILABLE, .value = {.int32Values = [128], .floatValues = [], .int64Values = [], .bytes = [], .stringValue = }}
05-22 13:11:33.204  1517  1658 D VehicleHal: tltest callback  0x21407bb3 RollAgGlbVal {.timestamp = 0, .areaId = 536870912, .prop = 557874099, .status = AVAILABLE, .value = {.int32Values = [64810], .floatValues = [], .int64Values = [], .bytes = [], .stringValue = }}
05-22 13:11:33.205  1517  1658 D VehicleHal: tltest callback  0x21407bf3 ZZZVddmSignalEnd {.timestamp = 0, .areaId = 536870912, .prop = 557874163, .status = AVAILABLE, .value = {.int32Values = [7049], .floatValues = [], .int64Values = [], .bytes = [], .stringValue = }}
05-22 13:11:33.205  1533  2439 D OneOSPermissionManager: checkPermission() permissionResult = [2], calling pid = 1303
05-22 13:11:33.206   399  1162 E libipcp : socket_says_data_received: ipcp 3 26 8 52035888 3 112 1 0
05-22 13:11:33.206  1758  1758 D SysUIAppWatcherService: onAccessibilityEvent() called with: event = [EventType: TYPE_WINDOW_STATE_CHANGED; EventTime: 355205; PackageName: com.yunpan.appmanage; MovementGranularity: 0; Action: 0; ContentChangeTypes: []; WindowChangeTypes: [] [ ClassName: com.yunpan.appmanage.ui.ActivityShell; Text: [应用管家]; ContentDescription: null; ItemCount: -1; CurrentItemIndex: -1; Enabled: true; Password: false; Checked: false; FullScreen: true; Scrollable: false; BeforeText: null; FromIndex: -1; ToIndex: -1; ScrollX: -1; ScrollY: -1; MaxScrollX: -1; MaxScrollY: -1; AddedCount: -1; RemovedCount: -1; ParcelableData: null ]; recordCount: 0]
05-22 13:11:33.206  1533  1636 D OneOSPermissionManager: checkPermission() permissionResult = [2], calling pid = 1303
05-22 13:11:33.206  2834  2834 E AppWatcherService: [JRWindow][onAccessibilityEvent] event: 32
05-22 13:11:33.206  2834  2834 E AppWatcherService: [JRWindow][onAccessibilityEvent], sTopPackageName: com.yunpan.appmanage, sTopClassName: com.yunpan.appmanage.ui.ActivityShell
05-22 13:11:33.206  2834  2834 E [XCGestureService][1.0.20251121L(d2)]AppWatcherService: [(AppWatcherService.java:97)#OnAccessibilityEvent ] isFrontNavi:false
05-22 13:11:33.206  2834  2834 E [XCGestureService][1.0.20251121L(d2)]AppWatcherService: [(AppWatcherService.java:100)#OnAccessibilityEvent ] isMultiScreen:true
05-22 13:11:33.208  3547  3547 V InputMethodService: CALL: onStartInput
05-22 13:11:33.209  1533  2439 D OneOSPermissionManager: checkPermission() permissionResult = [2], calling pid = 1303
05-22 13:11:33.209   399  4962 D audio_hw_primary: start_output_stream: exit
cs11_high:/ $ 
